[Tue Apr 28 00:05:46 CST 2026] variant mode=pca blend=0.08
[Tue Apr 28 00:06:14 CST 2026] variant mode=pca blend=0.15
[Tue Apr 28 00:06:41 CST 2026] variant mode=pca blend=0.25
[Tue Apr 28 00:07:08 CST 2026] variant mode=pca_nmf_hvg blend=0.08
/home/yyf/.conda/envs/scgpt_env/lib/python3.9/site-packages/sklearn/decomposition/_nmf.py:1742: ConvergenceWarning: Maximum number of iterations 600 reached. Increase it to improve convergence.
  warnings.warn(
/home/yyf/.conda/envs/scgpt_env/lib/python3.9/site-packages/sklearn/decomposition/_nmf.py:1742: ConvergenceWarning: Maximum number of iterations 600 reached. Increase it to improve convergence.
  warnings.warn(
/home/yyf/.conda/envs/scgpt_env/lib/python3.9/site-packages/sklearn/decomposition/_nmf.py:1742: ConvergenceWarning: Maximum number of iterations 600 reached. Increase it to improve convergence.
  warnings.warn(
/home/yyf/.conda/envs/scgpt_env/lib/python3.9/site-packages/sklearn/decomposition/_nmf.py:1742: ConvergenceWarning: Maximum number of iterations 600 reached. Increase it to improve convergence.
  warnings.warn(
/home/yyf/.conda/envs/scgpt_env/lib/python3.9/site-packages/sklearn/decomposition/_nmf.py:1742: ConvergenceWarning: Maximum number of iterations 600 reached. Increase it to improve convergence.
  warnings.warn(
/home/yyf/.conda/envs/scgpt_env/lib/python3.9/site-packages/sklearn/decomposition/_nmf.py:1742: ConvergenceWarning: Maximum number of iterations 600 reached. Increase it to improve convergence.
  warnings.warn(
/home/yyf/.conda/envs/scgpt_env/lib/python3.9/site-packages/sklearn/decomposition/_nmf.py:1742: ConvergenceWarning: Maximum number of iterations 600 reached. Increase it to improve convergence.
  warnings.warn(
/home/yyf/.conda/envs/scgpt_env/lib/python3.9/site-packages/sklearn/decomposition/_nmf.py:1742: ConvergenceWarning: Maximum number of iterations 600 reached. Increase it to improve convergence.
  warnings.warn(
/home/yyf/.conda/envs/scgpt_env/lib/python3.9/site-packages/sklearn/decomposition/_nmf.py:1742: ConvergenceWarning: Maximum number of iterations 600 reached. Increase it to improve convergence.
  warnings.warn(
/home/yyf/.conda/envs/scgpt_env/lib/python3.9/site-packages/sklearn/decomposition/_nmf.py:1742: ConvergenceWarning: Maximum number of iterations 600 reached. Increase it to improve convergence.
  warnings.warn(
/home/yyf/.conda/envs/scgpt_env/lib/python3.9/site-packages/sklearn/decomposition/_nmf.py:1742: ConvergenceWarning: Maximum number of iterations 600 reached. Increase it to improve convergence.
  warnings.warn(
/home/yyf/.conda/envs/scgpt_env/lib/python3.9/site-packages/sklearn/decomposition/_nmf.py:1742: ConvergenceWarning: Maximum number of iterations 600 reached. Increase it to improve convergence.
  warnings.warn(
/home/yyf/.conda/envs/scgpt_env/lib/python3.9/site-packages/sklearn/decomposition/_nmf.py:1742: ConvergenceWarning: Maximum number of iterations 600 reached. Increase it to improve convergence.
  warnings.warn(
/home/yyf/.conda/envs/scgpt_env/lib/python3.9/site-packages/sklearn/decomposition/_nmf.py:1742: ConvergenceWarning: Maximum number of iterations 600 reached. Increase it to improve convergence.
  warnings.warn(
/home/yyf/.conda/envs/scgpt_env/lib/python3.9/site-packages/sklearn/decomposition/_nmf.py:1742: ConvergenceWarning: Maximum number of iterations 600 reached. Increase it to improve convergence.
  warnings.warn(
/home/yyf/.conda/envs/scgpt_env/lib/python3.9/site-packages/sklearn/decomposition/_nmf.py:1742: ConvergenceWarning: Maximum number of iterations 600 reached. Increase it to improve convergence.
  warnings.warn(
[Tue Apr 28 00:08:09 CST 2026] variant mode=pca_nmf_hvg blend=0.15
/home/yyf/.conda/envs/scgpt_env/lib/python3.9/site-packages/sklearn/decomposition/_nmf.py:1742: ConvergenceWarning: Maximum number of iterations 600 reached. Increase it to improve convergence.
  warnings.warn(
/home/yyf/.conda/envs/scgpt_env/lib/python3.9/site-packages/sklearn/decomposition/_nmf.py:1742: ConvergenceWarning: Maximum number of iterations 600 reached. Increase it to improve convergence.
  warnings.warn(
/home/yyf/.conda/envs/scgpt_env/lib/python3.9/site-packages/sklearn/decomposition/_nmf.py:1742: ConvergenceWarning: Maximum number of iterations 600 reached. Increase it to improve convergence.
  warnings.warn(
/home/yyf/.conda/envs/scgpt_env/lib/python3.9/site-packages/sklearn/decomposition/_nmf.py:1742: ConvergenceWarning: Maximum number of iterations 600 reached. Increase it to improve convergence.
  warnings.warn(
/home/yyf/.conda/envs/scgpt_env/lib/python3.9/site-packages/sklearn/decomposition/_nmf.py:1742: ConvergenceWarning: Maximum number of iterations 600 reached. Increase it to improve convergence.
  warnings.warn(
/home/yyf/.conda/envs/scgpt_env/lib/python3.9/site-packages/sklearn/decomposition/_nmf.py:1742: ConvergenceWarning: Maximum number of iterations 600 reached. Increase it to improve convergence.
  warnings.warn(
/home/yyf/.conda/envs/scgpt_env/lib/python3.9/site-packages/sklearn/decomposition/_nmf.py:1742: ConvergenceWarning: Maximum number of iterations 600 reached. Increase it to improve convergence.
  warnings.warn(
/home/yyf/.conda/envs/scgpt_env/lib/python3.9/site-packages/sklearn/decomposition/_nmf.py:1742: ConvergenceWarning: Maximum number of iterations 600 reached. Increase it to improve convergence.
  warnings.warn(
/home/yyf/.conda/envs/scgpt_env/lib/python3.9/site-packages/sklearn/decomposition/_nmf.py:1742: ConvergenceWarning: Maximum number of iterations 600 reached. Increase it to improve convergence.
  warnings.warn(
/home/yyf/.conda/envs/scgpt_env/lib/python3.9/site-packages/sklearn/decomposition/_nmf.py:1742: ConvergenceWarning: Maximum number of iterations 600 reached. Increase it to improve convergence.
  warnings.warn(
/home/yyf/.conda/envs/scgpt_env/lib/python3.9/site-packages/sklearn/decomposition/_nmf.py:1742: ConvergenceWarning: Maximum number of iterations 600 reached. Increase it to improve convergence.
  warnings.warn(
/home/yyf/.conda/envs/scgpt_env/lib/python3.9/site-packages/sklearn/decomposition/_nmf.py:1742: ConvergenceWarning: Maximum number of iterations 600 reached. Increase it to improve convergence.
  warnings.warn(
/home/yyf/.conda/envs/scgpt_env/lib/python3.9/site-packages/sklearn/decomposition/_nmf.py:1742: ConvergenceWarning: Maximum number of iterations 600 reached. Increase it to improve convergence.
  warnings.warn(
/home/yyf/.conda/envs/scgpt_env/lib/python3.9/site-packages/sklearn/decomposition/_nmf.py:1742: ConvergenceWarning: Maximum number of iterations 600 reached. Increase it to improve convergence.
  warnings.warn(
/home/yyf/.conda/envs/scgpt_env/lib/python3.9/site-packages/sklearn/decomposition/_nmf.py:1742: ConvergenceWarning: Maximum number of iterations 600 reached. Increase it to improve convergence.
  warnings.warn(
/home/yyf/.conda/envs/scgpt_env/lib/python3.9/site-packages/sklearn/decomposition/_nmf.py:1742: ConvergenceWarning: Maximum number of iterations 600 reached. Increase it to improve convergence.
  warnings.warn(
[Tue Apr 28 00:09:09 CST 2026] variant mode=pca_nmf_hvg blend=0.25
/home/yyf/.conda/envs/scgpt_env/lib/python3.9/site-packages/sklearn/decomposition/_nmf.py:1742: ConvergenceWarning: Maximum number of iterations 600 reached. Increase it to improve convergence.
  warnings.warn(
/home/yyf/.conda/envs/scgpt_env/lib/python3.9/site-packages/sklearn/decomposition/_nmf.py:1742: ConvergenceWarning: Maximum number of iterations 600 reached. Increase it to improve convergence.
  warnings.warn(
/home/yyf/.conda/envs/scgpt_env/lib/python3.9/site-packages/sklearn/decomposition/_nmf.py:1742: ConvergenceWarning: Maximum number of iterations 600 reached. Increase it to improve convergence.
  warnings.warn(
/home/yyf/.conda/envs/scgpt_env/lib/python3.9/site-packages/sklearn/decomposition/_nmf.py:1742: ConvergenceWarning: Maximum number of iterations 600 reached. Increase it to improve convergence.
  warnings.warn(
/home/yyf/.conda/envs/scgpt_env/lib/python3.9/site-packages/sklearn/decomposition/_nmf.py:1742: ConvergenceWarning: Maximum number of iterations 600 reached. Increase it to improve convergence.
  warnings.warn(
/home/yyf/.conda/envs/scgpt_env/lib/python3.9/site-packages/sklearn/decomposition/_nmf.py:1742: ConvergenceWarning: Maximum number of iterations 600 reached. Increase it to improve convergence.
  warnings.warn(
/home/yyf/.conda/envs/scgpt_env/lib/python3.9/site-packages/sklearn/decomposition/_nmf.py:1742: ConvergenceWarning: Maximum number of iterations 600 reached. Increase it to improve convergence.
  warnings.warn(
/home/yyf/.conda/envs/scgpt_env/lib/python3.9/site-packages/sklearn/decomposition/_nmf.py:1742: ConvergenceWarning: Maximum number of iterations 600 reached. Increase it to improve convergence.
  warnings.warn(
/home/yyf/.conda/envs/scgpt_env/lib/python3.9/site-packages/sklearn/decomposition/_nmf.py:1742: ConvergenceWarning: Maximum number of iterations 600 reached. Increase it to improve convergence.
  warnings.warn(
/home/yyf/.conda/envs/scgpt_env/lib/python3.9/site-packages/sklearn/decomposition/_nmf.py:1742: ConvergenceWarning: Maximum number of iterations 600 reached. Increase it to improve convergence.
  warnings.warn(
/home/yyf/.conda/envs/scgpt_env/lib/python3.9/site-packages/sklearn/decomposition/_nmf.py:1742: ConvergenceWarning: Maximum number of iterations 600 reached. Increase it to improve convergence.
  warnings.warn(
/home/yyf/.conda/envs/scgpt_env/lib/python3.9/site-packages/sklearn/decomposition/_nmf.py:1742: ConvergenceWarning: Maximum number of iterations 600 reached. Increase it to improve convergence.
  warnings.warn(
/home/yyf/.conda/envs/scgpt_env/lib/python3.9/site-packages/sklearn/decomposition/_nmf.py:1742: ConvergenceWarning: Maximum number of iterations 600 reached. Increase it to improve convergence.
  warnings.warn(
/home/yyf/.conda/envs/scgpt_env/lib/python3.9/site-packages/sklearn/decomposition/_nmf.py:1742: ConvergenceWarning: Maximum number of iterations 600 reached. Increase it to improve convergence.
  warnings.warn(
/home/yyf/.conda/envs/scgpt_env/lib/python3.9/site-packages/sklearn/decomposition/_nmf.py:1742: ConvergenceWarning: Maximum number of iterations 600 reached. Increase it to improve convergence.
  warnings.warn(
/home/yyf/.conda/envs/scgpt_env/lib/python3.9/site-packages/sklearn/decomposition/_nmf.py:1742: ConvergenceWarning: Maximum number of iterations 600 reached. Increase it to improve convergence.
  warnings.warn(
[Tue Apr 28 00:10:08 CST 2026] variant mode=hvg blend=0.08
[Tue Apr 28 00:10:33 CST 2026] variant mode=hvg blend=0.15
[Tue Apr 28 00:11:00 CST 2026] variant mode=hvg blend=0.25
[Tue Apr 28 00:11:26 CST 2026] variant search done
