Local copy of pyg dataset is detected. Loading...
Done!
Creating new splits....
Saving new splits at /home/yyf/data/gears_formal_baselines_v2/adamson_local_atlas/splits/adamson_local_atlas_single_11_0.75.pkl
Done!
Creating dataloaders....
Done!
Start Training...
Epoch 1 Step 1 Train Loss: 0.3844
Epoch 1 Step 51 Train Loss: 0.3745
Epoch 1 Step 101 Train Loss: 0.3445
Epoch 1 Step 151 Train Loss: 0.4523
Epoch 1 Step 201 Train Loss: 0.3367
Epoch 1 Step 251 Train Loss: 0.4020
Epoch 1 Step 301 Train Loss: 0.3621
Epoch 1 Step 351 Train Loss: 0.4575
Epoch 1 Step 401 Train Loss: 0.4067
Epoch 1 Step 451 Train Loss: 0.3290
Epoch 1 Step 501 Train Loss: 0.3210
Epoch 1 Step 551 Train Loss: 0.3764
Epoch 1 Step 601 Train Loss: 0.3583
Epoch 1 Step 651 Train Loss: 0.3621
Epoch 1 Step 701 Train Loss: 0.3530
Epoch 1 Step 751 Train Loss: 0.3312
Epoch 1 Step 801 Train Loss: 0.3588
Epoch 1 Step 851 Train Loss: 0.3089
Epoch 1 Step 901 Train Loss: 0.3616
Epoch 1 Step 951 Train Loss: 0.3360
Epoch 1 Step 1001 Train Loss: 0.3597
Epoch 1 Step 1051 Train Loss: 0.3541
Epoch 1 Step 1101 Train Loss: 0.3212
Epoch 1: Train Overall MSE: 0.0022 Validation Overall MSE: 0.0026. 
Train Top 20 DE MSE: 0.0930 Validation Top 20 DE MSE: 0.1330. 
Epoch 2 Step 1 Train Loss: 0.3292
Epoch 2 Step 51 Train Loss: 0.3795
Epoch 2 Step 101 Train Loss: 0.2912
Epoch 2 Step 151 Train Loss: 0.4133
Epoch 2 Step 201 Train Loss: 0.2866
Epoch 2 Step 251 Train Loss: 0.2999
Epoch 2 Step 301 Train Loss: 0.2740
Epoch 2 Step 351 Train Loss: 0.3349
Epoch 2 Step 401 Train Loss: 0.3251
Epoch 2 Step 451 Train Loss: 0.4959
Epoch 2 Step 501 Train Loss: 0.3614
Epoch 2 Step 551 Train Loss: 0.3185
Epoch 2 Step 601 Train Loss: 0.3903
Epoch 2 Step 651 Train Loss: 0.3015
Epoch 2 Step 701 Train Loss: 0.3368
Epoch 2 Step 751 Train Loss: 0.3558
Epoch 2 Step 801 Train Loss: 0.3214
Epoch 2 Step 851 Train Loss: 0.3697
Epoch 2 Step 901 Train Loss: 0.2982
Epoch 2 Step 951 Train Loss: 0.3462
Epoch 2 Step 1001 Train Loss: 0.3211
Epoch 2 Step 1051 Train Loss: 0.3322
Epoch 2 Step 1101 Train Loss: 0.3845
Epoch 2: Train Overall MSE: 0.0018 Validation Overall MSE: 0.0023. 
Train Top 20 DE MSE: 0.0772 Validation Top 20 DE MSE: 0.1326. 
Epoch 3 Step 1 Train Loss: 0.3350
Epoch 3 Step 51 Train Loss: 0.3080
Epoch 3 Step 101 Train Loss: 0.5056
Epoch 3 Step 151 Train Loss: 0.3126
Epoch 3 Step 201 Train Loss: 0.3525
Epoch 3 Step 251 Train Loss: 0.3163
Epoch 3 Step 301 Train Loss: 0.3238
Epoch 3 Step 351 Train Loss: 0.3386
Epoch 3 Step 401 Train Loss: 0.3527
Epoch 3 Step 451 Train Loss: 0.3361
Epoch 3 Step 501 Train Loss: 0.3478
Epoch 3 Step 551 Train Loss: 0.3807
Epoch 3 Step 601 Train Loss: 0.3182
Epoch 3 Step 651 Train Loss: 0.3768
Epoch 3 Step 701 Train Loss: 0.2840
Epoch 3 Step 751 Train Loss: 0.3050
Epoch 3 Step 801 Train Loss: 0.3287
Epoch 3 Step 851 Train Loss: 0.2732
Epoch 3 Step 901 Train Loss: 0.3652
Epoch 3 Step 951 Train Loss: 0.3872
Epoch 3 Step 1001 Train Loss: 0.3203
Epoch 3 Step 1051 Train Loss: 0.2936
Epoch 3 Step 1101 Train Loss: 0.3382
Epoch 3: Train Overall MSE: 0.0016 Validation Overall MSE: 0.0023. 
Train Top 20 DE MSE: 0.0611 Validation Top 20 DE MSE: 0.1486. 
Epoch 4 Step 1 Train Loss: 0.4192
Epoch 4 Step 51 Train Loss: 0.3196
Epoch 4 Step 101 Train Loss: 0.3073
Epoch 4 Step 151 Train Loss: 0.3973
Epoch 4 Step 201 Train Loss: 0.3733
Epoch 4 Step 251 Train Loss: 0.3481
Epoch 4 Step 301 Train Loss: 0.4126
Epoch 4 Step 351 Train Loss: 0.3190
Epoch 4 Step 401 Train Loss: 0.3626
Epoch 4 Step 451 Train Loss: 0.3909
Epoch 4 Step 501 Train Loss: 0.3465
Epoch 4 Step 551 Train Loss: 0.3922
Epoch 4 Step 601 Train Loss: 0.3880
Epoch 4 Step 651 Train Loss: 0.3319
Epoch 4 Step 701 Train Loss: 0.3108
Epoch 4 Step 751 Train Loss: 0.3594
Epoch 4 Step 801 Train Loss: 0.3121
Epoch 4 Step 851 Train Loss: 0.3283
Epoch 4 Step 901 Train Loss: 0.3239
Epoch 4 Step 951 Train Loss: 0.3143
Epoch 4 Step 1001 Train Loss: 0.3553
Epoch 4 Step 1051 Train Loss: 0.3426
Epoch 4 Step 1101 Train Loss: 0.3314
Epoch 4: Train Overall MSE: 0.0013 Validation Overall MSE: 0.0025. 
Train Top 20 DE MSE: 0.0387 Validation Top 20 DE MSE: 0.1622. 
Epoch 5 Step 1 Train Loss: 0.3421
Epoch 5 Step 51 Train Loss: 0.3322
Epoch 5 Step 101 Train Loss: 0.3531
Epoch 5 Step 151 Train Loss: 0.3422
Epoch 5 Step 201 Train Loss: 0.3598
Epoch 5 Step 251 Train Loss: 0.3156
Epoch 5 Step 301 Train Loss: 0.3498
Epoch 5 Step 351 Train Loss: 0.3168
Epoch 5 Step 401 Train Loss: 0.3429
Epoch 5 Step 451 Train Loss: 0.3610
Epoch 5 Step 501 Train Loss: 0.3486
Epoch 5 Step 551 Train Loss: 0.4223
Epoch 5 Step 601 Train Loss: 0.3409
Epoch 5 Step 651 Train Loss: 0.3710
Epoch 5 Step 701 Train Loss: 0.3286
Epoch 5 Step 751 Train Loss: 0.3963
Epoch 5 Step 801 Train Loss: 0.3492
Epoch 5 Step 851 Train Loss: 0.3282
Epoch 5 Step 901 Train Loss: 0.3963
Epoch 5 Step 951 Train Loss: 0.3270
Epoch 5 Step 1001 Train Loss: 0.3376
Epoch 5 Step 1051 Train Loss: 0.3588
Epoch 5 Step 1101 Train Loss: 0.3321
Epoch 5: Train Overall MSE: 0.0013 Validation Overall MSE: 0.0023. 
Train Top 20 DE MSE: 0.0470 Validation Top 20 DE MSE: 0.1443. 
Epoch 6 Step 1 Train Loss: 0.3071
Epoch 6 Step 51 Train Loss: 0.3347
Epoch 6 Step 101 Train Loss: 0.3636
Epoch 6 Step 151 Train Loss: 0.3635
Epoch 6 Step 201 Train Loss: 0.3437
Epoch 6 Step 251 Train Loss: 0.3463
Epoch 6 Step 301 Train Loss: 0.4400
Epoch 6 Step 351 Train Loss: 0.3265
Epoch 6 Step 401 Train Loss: 0.3249
Epoch 6 Step 451 Train Loss: 0.3576
Epoch 6 Step 501 Train Loss: 0.3455
Epoch 6 Step 551 Train Loss: 0.4404
Epoch 6 Step 601 Train Loss: 0.3720
Epoch 6 Step 651 Train Loss: 0.3251
Epoch 6 Step 701 Train Loss: 0.4000
Epoch 6 Step 751 Train Loss: 0.3173
Epoch 6 Step 801 Train Loss: 0.3537
Epoch 6 Step 851 Train Loss: 0.3614
Epoch 6 Step 901 Train Loss: 0.3222
Epoch 6 Step 951 Train Loss: 0.3411
Epoch 6 Step 1001 Train Loss: 0.3161
Epoch 6 Step 1051 Train Loss: 0.3305
Epoch 6 Step 1101 Train Loss: 0.3670
Epoch 6: Train Overall MSE: 0.0012 Validation Overall MSE: 0.0022. 
Train Top 20 DE MSE: 0.0441 Validation Top 20 DE MSE: 0.1452. 
Epoch 7 Step 1 Train Loss: 0.3388
Epoch 7 Step 51 Train Loss: 0.3043
Epoch 7 Step 101 Train Loss: 0.3221
Epoch 7 Step 151 Train Loss: 0.3532
Epoch 7 Step 201 Train Loss: 0.3041
Epoch 7 Step 251 Train Loss: 0.3652
Epoch 7 Step 301 Train Loss: 0.4081
Epoch 7 Step 351 Train Loss: 0.3538
Epoch 7 Step 401 Train Loss: 0.3533
Epoch 7 Step 451 Train Loss: 0.3333
Epoch 7 Step 501 Train Loss: 0.3010
Epoch 7 Step 551 Train Loss: 0.3231
Epoch 7 Step 601 Train Loss: 0.3351
Epoch 7 Step 651 Train Loss: 0.3328
Epoch 7 Step 701 Train Loss: 0.3449
Epoch 7 Step 751 Train Loss: 0.2931
Epoch 7 Step 801 Train Loss: 0.4509
Epoch 7 Step 851 Train Loss: 0.3074
Epoch 7 Step 901 Train Loss: 0.3089
Epoch 7 Step 951 Train Loss: 0.3914
Epoch 7 Step 1001 Train Loss: 0.3230
Epoch 7 Step 1051 Train Loss: 0.3089
Epoch 7 Step 1101 Train Loss: 0.3309
Epoch 7: Train Overall MSE: 0.0012 Validation Overall MSE: 0.0022. 
Train Top 20 DE MSE: 0.0448 Validation Top 20 DE MSE: 0.1443. 
Epoch 8 Step 1 Train Loss: 0.3403
Epoch 8 Step 51 Train Loss: 0.2975
Epoch 8 Step 101 Train Loss: 0.2952
Epoch 8 Step 151 Train Loss: 0.3381
Epoch 8 Step 201 Train Loss: 0.3276
Epoch 8 Step 251 Train Loss: 0.3412
Epoch 8 Step 301 Train Loss: 0.3250
Epoch 8 Step 351 Train Loss: 0.3331
Epoch 8 Step 401 Train Loss: 0.3221
Epoch 8 Step 451 Train Loss: 0.3482
Epoch 8 Step 501 Train Loss: 0.3260
Epoch 8 Step 551 Train Loss: 0.3240
Epoch 8 Step 601 Train Loss: 0.3368
Epoch 8 Step 651 Train Loss: 0.4578
Epoch 8 Step 701 Train Loss: 0.3607
Epoch 8 Step 751 Train Loss: 0.3464
Epoch 8 Step 801 Train Loss: 0.3278
Epoch 8 Step 851 Train Loss: 0.3166
Epoch 8 Step 901 Train Loss: 0.3170
Epoch 8 Step 951 Train Loss: 0.3966
Epoch 8 Step 1001 Train Loss: 0.3763
Epoch 8 Step 1051 Train Loss: 0.3297
Epoch 8 Step 1101 Train Loss: 0.3389
Epoch 8: Train Overall MSE: 0.0013 Validation Overall MSE: 0.0022. 
Train Top 20 DE MSE: 0.0447 Validation Top 20 DE MSE: 0.1443. 
Epoch 9 Step 1 Train Loss: 0.3048
Epoch 9 Step 51 Train Loss: 0.3591
Epoch 9 Step 101 Train Loss: 0.3244
Epoch 9 Step 151 Train Loss: 0.3584
Epoch 9 Step 201 Train Loss: 0.3330
Epoch 9 Step 251 Train Loss: 0.3387
Epoch 9 Step 301 Train Loss: 0.3155
Epoch 9 Step 351 Train Loss: 0.3106
Epoch 9 Step 401 Train Loss: 0.3342
Epoch 9 Step 451 Train Loss: 0.3396
Epoch 9 Step 501 Train Loss: 0.3558
Epoch 9 Step 551 Train Loss: 0.3025
Epoch 9 Step 601 Train Loss: 0.3277
Epoch 9 Step 651 Train Loss: 0.3650
Epoch 9 Step 701 Train Loss: 0.3181
Epoch 9 Step 751 Train Loss: 0.3529
Epoch 9 Step 801 Train Loss: 0.3911
Epoch 9 Step 851 Train Loss: 0.2834
Epoch 9 Step 901 Train Loss: 0.4269
Epoch 9 Step 951 Train Loss: 0.5396
Epoch 9 Step 1001 Train Loss: 0.3343
Epoch 9 Step 1051 Train Loss: 0.2935
Epoch 9 Step 1101 Train Loss: 0.3556
Epoch 9: Train Overall MSE: 0.0012 Validation Overall MSE: 0.0022. 
Train Top 20 DE MSE: 0.0447 Validation Top 20 DE MSE: 0.1441. 
Epoch 10 Step 1 Train Loss: 0.3134
Epoch 10 Step 51 Train Loss: 0.3387
Epoch 10 Step 101 Train Loss: 0.3214
Epoch 10 Step 151 Train Loss: 0.3463
Epoch 10 Step 201 Train Loss: 0.3290
Epoch 10 Step 251 Train Loss: 0.3919
Epoch 10 Step 301 Train Loss: 0.3139
Epoch 10 Step 351 Train Loss: 0.3916
Epoch 10 Step 401 Train Loss: 0.3495
Epoch 10 Step 451 Train Loss: 0.3086
Epoch 10 Step 501 Train Loss: 0.3456
Epoch 10 Step 551 Train Loss: 0.3300
Epoch 10 Step 601 Train Loss: 0.3012
Epoch 10 Step 651 Train Loss: 0.3774
Epoch 10 Step 701 Train Loss: 0.3280
Epoch 10 Step 751 Train Loss: 0.3366
Epoch 10 Step 801 Train Loss: 0.3163
Epoch 10 Step 851 Train Loss: 0.3596
Epoch 10 Step 901 Train Loss: 0.3086
Epoch 10 Step 951 Train Loss: 0.3780
Epoch 10 Step 1001 Train Loss: 0.3471
Epoch 10 Step 1051 Train Loss: 0.2923
Epoch 10 Step 1101 Train Loss: 0.3347
Epoch 10: Train Overall MSE: 0.0012 Validation Overall MSE: 0.0022. 
Train Top 20 DE MSE: 0.0416 Validation Top 20 DE MSE: 0.1450. 
Done!
Start Testing...
Best performing model: Test Top 20 DE MSE: 0.1512
Done!
{
  "dataset": "adamson",
  "split": "single",
  "seed": 11,
  "epochs": 10,
  "status": "ok",
  "fixed_test_perturbations_file": "/home/yyf/proj/docs/实验结果/E60_gears_fixed_panel_formal_20260711/tables/E60_FIXED_TEST_PERTURBATIONS.csv",
  "fixed_test_conditions": [
    "ATF4+ctrl",
    "COPZ1+ctrl",
    "DAD1+ctrl",
    "DERL2+ctrl",
    "DNAJC19+ctrl",
    "EIF2S1+ctrl",
    "GBF1+ctrl",
    "IARS2+ctrl",
    "IDH3A+ctrl",
    "MRPL39+ctrl",
    "NEDD8+ctrl",
    "OST4+ctrl",
    "PDIA6+ctrl",
    "PSMD4+ctrl",
    "PTDSS1+ctrl",
    "SEC61G+ctrl",
    "SEL1L+ctrl",
    "SLC35B1+ctrl",
    "SPCS3+ctrl",
    "SRP68+ctrl",
    "SYVN1+ctrl",
    "TELO2+ctrl",
    "TIMM23+ctrl",
    "TTI1+ctrl"
  ],
  "n_fixed_test_conditions": 24,
  "n_train_conditions_after_override": 48,
  "n_val_conditions_after_override": 5,
  "fixed_test_deterministic_val": true,
  "test_mse": 0.002556487697196038,
  "test_mse_de": 0.15116031164537466,
  "test_pearson": 0.9940791962670178,
  "test_pearson_de": 0.9106729015940922,
  "n_prediction_records": 24,
  "records_csv": "/home/yyf/proj/docs/实验结果/E60_gears_fixed_panel_formal_20260711/raw_gears/seed_11/adamson/seed_11/tables/PREDICTION_RECORDS.csv",
  "predicted_npz": "/home/yyf/proj/docs/实验结果/E60_gears_fixed_panel_formal_20260711/raw_gears/seed_11/adamson/seed_11/arrays/gears_predicted_effects.npz",
  "true_npz": "/home/yyf/proj/docs/实验结果/E60_gears_fixed_panel_formal_20260711/raw_gears/seed_11/adamson/seed_11/arrays/gears_true_effects.npz"
}
