Local copy of pyg dataset is detected. Loading...
Done!
Creating new splits....
Saving new splits at /home/yyf/data/gears_formal_baselines_v2/adamson_local_atlas/splits/adamson_local_atlas_single_33_0.75.pkl
Done!
Creating dataloaders....
Done!
Start Training...
Epoch 1 Step 1 Train Loss: 0.3844
Epoch 1 Step 51 Train Loss: 0.3749
Epoch 1 Step 101 Train Loss: 0.3458
Epoch 1 Step 151 Train Loss: 0.4495
Epoch 1 Step 201 Train Loss: 0.3376
Epoch 1 Step 251 Train Loss: 0.4029
Epoch 1 Step 301 Train Loss: 0.3640
Epoch 1 Step 351 Train Loss: 0.4579
Epoch 1 Step 401 Train Loss: 0.4024
Epoch 1 Step 451 Train Loss: 0.3317
Epoch 1 Step 501 Train Loss: 0.3226
Epoch 1 Step 551 Train Loss: 0.3771
Epoch 1 Step 601 Train Loss: 0.3532
Epoch 1 Step 651 Train Loss: 0.3617
Epoch 1 Step 701 Train Loss: 0.3529
Epoch 1 Step 751 Train Loss: 0.3341
Epoch 1 Step 801 Train Loss: 0.3591
Epoch 1 Step 851 Train Loss: 0.3098
Epoch 1 Step 901 Train Loss: 0.3602
Epoch 1 Step 951 Train Loss: 0.3370
Epoch 1 Step 1001 Train Loss: 0.3567
Epoch 1 Step 1051 Train Loss: 0.3568
Epoch 1 Step 1101 Train Loss: 0.3223
Epoch 1: Train Overall MSE: 0.0024 Validation Overall MSE: 0.0028. 
Train Top 20 DE MSE: 0.0830 Validation Top 20 DE MSE: 0.1570. 
Epoch 2 Step 1 Train Loss: 0.3291
Epoch 2 Step 51 Train Loss: 0.3779
Epoch 2 Step 101 Train Loss: 0.2908
Epoch 2 Step 151 Train Loss: 0.4137
Epoch 2 Step 201 Train Loss: 0.2874
Epoch 2 Step 251 Train Loss: 0.3005
Epoch 2 Step 301 Train Loss: 0.2737
Epoch 2 Step 351 Train Loss: 0.3337
Epoch 2 Step 401 Train Loss: 0.3259
Epoch 2 Step 451 Train Loss: 0.4979
Epoch 2 Step 501 Train Loss: 0.3621
Epoch 2 Step 551 Train Loss: 0.3166
Epoch 2 Step 601 Train Loss: 0.3929
Epoch 2 Step 651 Train Loss: 0.3026
Epoch 2 Step 701 Train Loss: 0.3363
Epoch 2 Step 751 Train Loss: 0.3546
Epoch 2 Step 801 Train Loss: 0.3236
Epoch 2 Step 851 Train Loss: 0.3697
Epoch 2 Step 901 Train Loss: 0.2986
Epoch 2 Step 951 Train Loss: 0.3461
Epoch 2 Step 1001 Train Loss: 0.3220
Epoch 2 Step 1051 Train Loss: 0.3327
Epoch 2 Step 1101 Train Loss: 0.3845
Epoch 2: Train Overall MSE: 0.0021 Validation Overall MSE: 0.0034. 
Train Top 20 DE MSE: 0.0479 Validation Top 20 DE MSE: 0.1930. 
Epoch 3 Step 1 Train Loss: 0.3280
Epoch 3 Step 51 Train Loss: 0.3415
Epoch 3 Step 101 Train Loss: 0.3290
Epoch 3 Step 151 Train Loss: 0.3324
Epoch 3 Step 201 Train Loss: 0.3535
Epoch 3 Step 251 Train Loss: 0.4083
Epoch 3 Step 301 Train Loss: 0.3440
Epoch 3 Step 351 Train Loss: 0.3214
Epoch 3 Step 401 Train Loss: 0.3001
Epoch 3 Step 451 Train Loss: 0.3933
Epoch 3 Step 501 Train Loss: 0.3139
Epoch 3 Step 551 Train Loss: 0.3478
Epoch 3 Step 601 Train Loss: 0.3329
Epoch 3 Step 651 Train Loss: 0.3175
Epoch 3 Step 701 Train Loss: 0.2782
Epoch 3 Step 751 Train Loss: 0.3800
Epoch 3 Step 801 Train Loss: 0.3867
Epoch 3 Step 851 Train Loss: 0.3196
Epoch 3 Step 901 Train Loss: 0.3546
Epoch 3 Step 951 Train Loss: 0.3674
Epoch 3 Step 1001 Train Loss: 0.3043
Epoch 3 Step 1051 Train Loss: 0.2959
Epoch 3 Step 1101 Train Loss: 0.2941
Epoch 3: Train Overall MSE: 0.0015 Validation Overall MSE: 0.0024. 
Train Top 20 DE MSE: 0.0521 Validation Top 20 DE MSE: 0.1544. 
Epoch 4 Step 1 Train Loss: 0.4244
Epoch 4 Step 51 Train Loss: 0.3201
Epoch 4 Step 101 Train Loss: 0.3080
Epoch 4 Step 151 Train Loss: 0.3983
Epoch 4 Step 201 Train Loss: 0.3728
Epoch 4 Step 251 Train Loss: 0.3491
Epoch 4 Step 301 Train Loss: 0.4138
Epoch 4 Step 351 Train Loss: 0.3188
Epoch 4 Step 401 Train Loss: 0.3631
Epoch 4 Step 451 Train Loss: 0.3915
Epoch 4 Step 501 Train Loss: 0.3460
Epoch 4 Step 551 Train Loss: 0.3925
Epoch 4 Step 601 Train Loss: 0.3874
Epoch 4 Step 651 Train Loss: 0.3319
Epoch 4 Step 701 Train Loss: 0.3104
Epoch 4 Step 751 Train Loss: 0.3594
Epoch 4 Step 801 Train Loss: 0.3130
Epoch 4 Step 851 Train Loss: 0.3286
Epoch 4 Step 901 Train Loss: 0.3243
Epoch 4 Step 951 Train Loss: 0.3146
Epoch 4 Step 1001 Train Loss: 0.3552
Epoch 4 Step 1051 Train Loss: 0.3417
Epoch 4 Step 1101 Train Loss: 0.3321
Epoch 4: Train Overall MSE: 0.0014 Validation Overall MSE: 0.0023. 
Train Top 20 DE MSE: 0.0476 Validation Top 20 DE MSE: 0.1501. 
Epoch 5 Step 1 Train Loss: 0.3613
Epoch 5 Step 51 Train Loss: 0.2972
Epoch 5 Step 101 Train Loss: 0.3375
Epoch 5 Step 151 Train Loss: 0.3566
Epoch 5 Step 201 Train Loss: 0.3368
Epoch 5 Step 251 Train Loss: 0.3639
Epoch 5 Step 301 Train Loss: 0.3710
Epoch 5 Step 351 Train Loss: 0.3253
Epoch 5 Step 401 Train Loss: 0.3297
Epoch 5 Step 451 Train Loss: 0.3818
Epoch 5 Step 501 Train Loss: 0.3223
Epoch 5 Step 551 Train Loss: 0.3517
Epoch 5 Step 601 Train Loss: 0.3546
Epoch 5 Step 651 Train Loss: 0.3466
Epoch 5 Step 701 Train Loss: 0.3164
Epoch 5 Step 751 Train Loss: 0.3465
Epoch 5 Step 801 Train Loss: 0.3885
Epoch 5 Step 851 Train Loss: 0.4460
Epoch 5 Step 901 Train Loss: 0.3301
Epoch 5 Step 951 Train Loss: 0.3549
Epoch 5 Step 1001 Train Loss: 0.3287
Epoch 5 Step 1051 Train Loss: 0.3517
Epoch 5 Step 1101 Train Loss: 0.2780
Epoch 5: Train Overall MSE: 0.0014 Validation Overall MSE: 0.0023. 
Train Top 20 DE MSE: 0.0536 Validation Top 20 DE MSE: 0.1455. 
Epoch 6 Step 1 Train Loss: 0.3030
Epoch 6 Step 51 Train Loss: 0.3475
Epoch 6 Step 101 Train Loss: 0.2887
Epoch 6 Step 151 Train Loss: 0.3684
Epoch 6 Step 201 Train Loss: 0.3542
Epoch 6 Step 251 Train Loss: 0.3349
Epoch 6 Step 301 Train Loss: 0.3428
Epoch 6 Step 351 Train Loss: 0.3787
Epoch 6 Step 401 Train Loss: 0.3238
Epoch 6 Step 451 Train Loss: 0.2870
Epoch 6 Step 501 Train Loss: 0.4238
Epoch 6 Step 551 Train Loss: 0.3122
Epoch 6 Step 601 Train Loss: 0.4353
Epoch 6 Step 651 Train Loss: 0.3763
Epoch 6 Step 701 Train Loss: 0.3258
Epoch 6 Step 751 Train Loss: 0.3942
Epoch 6 Step 801 Train Loss: 0.3476
Epoch 6 Step 851 Train Loss: 0.3804
Epoch 6 Step 901 Train Loss: 0.3455
Epoch 6 Step 951 Train Loss: 0.3612
Epoch 6 Step 1001 Train Loss: 0.3579
Epoch 6 Step 1051 Train Loss: 0.3355
Epoch 6 Step 1101 Train Loss: 0.3193
Epoch 6: Train Overall MSE: 0.0014 Validation Overall MSE: 0.0023. 
Train Top 20 DE MSE: 0.0502 Validation Top 20 DE MSE: 0.1484. 
Epoch 7 Step 1 Train Loss: 0.3496
Epoch 7 Step 51 Train Loss: 0.4151
Epoch 7 Step 101 Train Loss: 0.2836
Epoch 7 Step 151 Train Loss: 0.3336
Epoch 7 Step 201 Train Loss: 0.4767
Epoch 7 Step 251 Train Loss: 0.3494
Epoch 7 Step 301 Train Loss: 0.3193
Epoch 7 Step 351 Train Loss: 0.3703
Epoch 7 Step 401 Train Loss: 0.3123
Epoch 7 Step 451 Train Loss: 0.3350
Epoch 7 Step 501 Train Loss: 0.3592
Epoch 7 Step 551 Train Loss: 0.3288
Epoch 7 Step 601 Train Loss: 0.3676
Epoch 7 Step 651 Train Loss: 0.3253
Epoch 7 Step 701 Train Loss: 0.3387
Epoch 7 Step 751 Train Loss: 0.3564
Epoch 7 Step 801 Train Loss: 0.3459
Epoch 7 Step 851 Train Loss: 0.3473
Epoch 7 Step 901 Train Loss: 0.3272
Epoch 7 Step 951 Train Loss: 0.3718
Epoch 7 Step 1001 Train Loss: 0.3749
Epoch 7 Step 1051 Train Loss: 0.3224
Epoch 7 Step 1101 Train Loss: 0.2964
Epoch 7: Train Overall MSE: 0.0014 Validation Overall MSE: 0.0023. 
Train Top 20 DE MSE: 0.0499 Validation Top 20 DE MSE: 0.1486. 
Epoch 8 Step 1 Train Loss: 0.3383
Epoch 8 Step 51 Train Loss: 0.3036
Epoch 8 Step 101 Train Loss: 0.3773
Epoch 8 Step 151 Train Loss: 0.3785
Epoch 8 Step 201 Train Loss: 0.2811
Epoch 8 Step 251 Train Loss: 0.4002
Epoch 8 Step 301 Train Loss: 0.3451
Epoch 8 Step 351 Train Loss: 0.3020
Epoch 8 Step 401 Train Loss: 0.3153
Epoch 8 Step 451 Train Loss: 0.3665
Epoch 8 Step 501 Train Loss: 0.3388
Epoch 8 Step 551 Train Loss: 0.3613
Epoch 8 Step 601 Train Loss: 0.3135
Epoch 8 Step 651 Train Loss: 0.3035
Epoch 8 Step 701 Train Loss: 0.3774
Epoch 8 Step 751 Train Loss: 0.3981
Epoch 8 Step 801 Train Loss: 0.3842
Epoch 8 Step 851 Train Loss: 0.3096
Epoch 8 Step 901 Train Loss: 0.4091
Epoch 8 Step 951 Train Loss: 0.3044
Epoch 8 Step 1001 Train Loss: 0.3658
Epoch 8 Step 1051 Train Loss: 0.3117
Epoch 8 Step 1101 Train Loss: 0.3475
Epoch 8: Train Overall MSE: 0.0014 Validation Overall MSE: 0.0023. 
Train Top 20 DE MSE: 0.0466 Validation Top 20 DE MSE: 0.1496. 
Epoch 9 Step 1 Train Loss: 0.3408
Epoch 9 Step 51 Train Loss: 0.3025
Epoch 9 Step 101 Train Loss: 0.4062
Epoch 9 Step 151 Train Loss: 0.3871
Epoch 9 Step 201 Train Loss: 0.3872
Epoch 9 Step 251 Train Loss: 0.3241
Epoch 9 Step 301 Train Loss: 0.3177
Epoch 9 Step 351 Train Loss: 0.3576
Epoch 9 Step 401 Train Loss: 0.3401
Epoch 9 Step 451 Train Loss: 0.3234
Epoch 9 Step 501 Train Loss: 0.3641
Epoch 9 Step 551 Train Loss: 0.3440
Epoch 9 Step 601 Train Loss: 0.3386
Epoch 9 Step 651 Train Loss: 0.3750
Epoch 9 Step 701 Train Loss: 0.3305
Epoch 9 Step 751 Train Loss: 0.3238
Epoch 9 Step 801 Train Loss: 0.3215
Epoch 9 Step 851 Train Loss: 0.3501
Epoch 9 Step 901 Train Loss: 0.3685
Epoch 9 Step 951 Train Loss: 0.3260
Epoch 9 Step 1001 Train Loss: 0.2879
Epoch 9 Step 1051 Train Loss: 0.3659
Epoch 9 Step 1101 Train Loss: 0.3126
Epoch 9: Train Overall MSE: 0.0014 Validation Overall MSE: 0.0023. 
Train Top 20 DE MSE: 0.0481 Validation Top 20 DE MSE: 0.1488. 
Epoch 10 Step 1 Train Loss: 0.2996
Epoch 10 Step 51 Train Loss: 0.3669
Epoch 10 Step 101 Train Loss: 0.4006
Epoch 10 Step 151 Train Loss: 0.3054
Epoch 10 Step 201 Train Loss: 0.3302
Epoch 10 Step 251 Train Loss: 0.2838
Epoch 10 Step 301 Train Loss: 0.2876
Epoch 10 Step 351 Train Loss: 0.3334
Epoch 10 Step 401 Train Loss: 0.3195
Epoch 10 Step 451 Train Loss: 0.3502
Epoch 10 Step 501 Train Loss: 0.3013
Epoch 10 Step 551 Train Loss: 0.2934
Epoch 10 Step 601 Train Loss: 0.2970
Epoch 10 Step 651 Train Loss: 0.3224
Epoch 10 Step 701 Train Loss: 0.4055
Epoch 10 Step 751 Train Loss: 0.3775
Epoch 10 Step 801 Train Loss: 0.4146
Epoch 10 Step 851 Train Loss: 0.3661
Epoch 10 Step 901 Train Loss: 0.3228
Epoch 10 Step 951 Train Loss: 0.2905
Epoch 10 Step 1001 Train Loss: 0.3830
Epoch 10 Step 1051 Train Loss: 0.3502
Epoch 10 Step 1101 Train Loss: 0.3806
Epoch 10: Train Overall MSE: 0.0013 Validation Overall MSE: 0.0023. 
Train Top 20 DE MSE: 0.0449 Validation Top 20 DE MSE: 0.1492. 
Done!
Start Testing...
Best performing model: Test Top 20 DE MSE: 0.1413
Done!
{
  "dataset": "adamson",
  "split": "single",
  "seed": 33,
  "epochs": 10,
  "status": "ok",
  "fixed_test_perturbations_file": "/home/yyf/proj/docs/实验结果/E60_gears_fixed_panel_formal_20260711/tables/E60_FIXED_TEST_PERTURBATIONS.csv",
  "fixed_test_conditions": [
    "ATF4+ctrl",
    "COPZ1+ctrl",
    "DAD1+ctrl",
    "DERL2+ctrl",
    "DNAJC19+ctrl",
    "EIF2S1+ctrl",
    "GBF1+ctrl",
    "IARS2+ctrl",
    "IDH3A+ctrl",
    "MRPL39+ctrl",
    "NEDD8+ctrl",
    "OST4+ctrl",
    "PDIA6+ctrl",
    "PSMD4+ctrl",
    "PTDSS1+ctrl",
    "SEC61G+ctrl",
    "SEL1L+ctrl",
    "SLC35B1+ctrl",
    "SPCS3+ctrl",
    "SRP68+ctrl",
    "SYVN1+ctrl",
    "TELO2+ctrl",
    "TIMM23+ctrl",
    "TTI1+ctrl"
  ],
  "n_fixed_test_conditions": 24,
  "n_train_conditions_after_override": 48,
  "n_val_conditions_after_override": 5,
  "fixed_test_deterministic_val": true,
  "test_mse": 0.002346500910789473,
  "test_mse_de": 0.14127705934803694,
  "test_pearson": 0.9945978534834773,
  "test_pearson_de": 0.9126873185451124,
  "n_prediction_records": 24,
  "records_csv": "/home/yyf/proj/docs/实验结果/E60_gears_fixed_panel_formal_20260711/raw_gears/seed_33/adamson/seed_33/tables/PREDICTION_RECORDS.csv",
  "predicted_npz": "/home/yyf/proj/docs/实验结果/E60_gears_fixed_panel_formal_20260711/raw_gears/seed_33/adamson/seed_33/arrays/gears_predicted_effects.npz",
  "true_npz": "/home/yyf/proj/docs/实验结果/E60_gears_fixed_panel_formal_20260711/raw_gears/seed_33/adamson/seed_33/arrays/gears_true_effects.npz"
}
